 Volume cp01-devsecops_sonar-scanner-cache Creating 
 Volume cp01-devsecops_sonar-scanner-cache Created 
 Container cp01-devsecops-sonar-scanner-run-768423fb8cbf Creating 
 Container cp01-devsecops-sonar-scanner-run-768423fb8cbf Created 
17:29:29.926 INFO  Scanner configuration file: /opt/sonar-scanner/conf/sonar-scanner.properties
17:29:29.930 INFO  Project root configuration file: /usr/src/sonar-project.properties
17:29:29.956 INFO  SonarScanner CLI 8.1.0.6389
17:29:29.986 INFO  Linux 6.12.72-linuxkit amd64
17:29:31.587 INFO  Communicating with SonarQube Community Build 26.9.0.129388
17:29:31.589 INFO  JRE provisioning: os[linux], arch[x86_64]
17:29:34.320 INFO  Starting SonarScanner Engine...
17:29:34.320 INFO  Java 21.0.11 Eclipse Adoptium (64-bit)
17:29:36.298 INFO  Load global settings
17:29:36.405 INFO  Load global settings (done) | time=107ms
17:29:36.411 INFO  Server id: 147B411E-AaDZmktFrTcrDMfanZRY
17:29:36.436 INFO  Loading required plugins
17:29:36.436 INFO  Load plugins index
17:29:36.462 INFO  Load plugins index (done) | time=26ms
17:29:36.463 INFO  Load/download plugins
17:29:36.508 WARN  Unable to rename /opt/sonar-scanner/.sonar/_tmp/fileCache15170779825290204147.tmp to /opt/sonar-scanner/.sonar/cache/9621b3acc1db2f6f8504fa95a774eb9e/sonar-cayc-plugin.jar
17:29:36.508 WARN  A copy/delete will be tempted but with no guarantee of atomicity
17:29:36.715 WARN  Unable to rename /opt/sonar-scanner/.sonar/_tmp/fileCache1140479988875436866.tmp to /opt/sonar-scanner/.sonar/cache/5ba2a7c93c20412c6be9773671607b60/sonar-iac-plugin.jar
17:29:36.715 WARN  A copy/delete will be tempted but with no guarantee of atomicity
17:29:36.769 WARN  Unable to rename /opt/sonar-scanner/.sonar/_tmp/fileCache18094182983763802726.tmp to /opt/sonar-scanner/.sonar/cache/9be350ba174d0364a5258eafeedd1a01/sonar-text-plugin.jar
17:29:36.769 WARN  A copy/delete will be tempted but with no guarantee of atomicity
17:29:36.781 INFO  Load/download plugins (done) | time=318ms
17:29:37.218 INFO  Process project properties
17:29:37.230 INFO  Process project properties (done) | time=13ms
17:29:37.245 INFO  Project key: cp01-devsecops-grupo2
17:29:37.245 INFO  Base dir: /usr/src
17:29:37.245 INFO  Working dir: /tmp/.scannerwork
17:29:37.270 INFO  Load project settings for component key: 'cp01-devsecops-grupo2'
17:29:37.289 INFO  Load project settings for component key: 'cp01-devsecops-grupo2' (done) | time=19ms
17:29:37.325 INFO  Load quality profiles
17:29:37.420 INFO  Load quality profiles (done) | time=95ms
17:29:37.501 INFO  Load active rules
17:29:37.917 INFO  Load active rules (done) | time=416ms
17:29:37.936 INFO  Load analysis cache
17:29:37.947 INFO  Load analysis cache (404) | time=11ms
17:29:38.270 INFO  Preprocessing files...
17:29:38.346 INFO  1 language detected in 1 preprocessed file (done) | time=75ms
17:29:38.347 INFO  1 file ignored because of inclusion/exclusion patterns
17:29:38.347 INFO  0 files ignored because of scm ignore settings
17:29:38.355 INFO  Loading plugins for detected languages
17:29:38.355 INFO  Load/download plugins
17:29:38.438 WARN  Unable to rename /opt/sonar-scanner/.sonar/_tmp/fileCache9626619270763774639.tmp to /opt/sonar-scanner/.sonar/cache/cd860626dfc10508e137b76540cfc64e/sonar-python-plugin.jar
17:29:38.439 WARN  A copy/delete will be tempted but with no guarantee of atomicity
17:29:38.452 INFO  Load/download plugins (done) | time=95ms
17:29:38.636 INFO  Load project repositories
17:29:38.831 INFO  Load project repositories (done) | time=192ms
17:29:38.966 INFO  Indexing files...
17:29:38.967 INFO  Project configuration:
17:29:38.970 INFO    Excluded sources: **/Dockerfile
17:29:39.001 INFO  1 file indexed (done) | time=33ms
17:29:39.007 INFO  Quality profile for py: Sonar way
17:29:39.007 INFO  ------------- Run sensors on module CP01 DevSecOps - Grupo 2
17:29:39.140 INFO  Load metrics repository
17:29:39.209 INFO  Load metrics repository (done) | time=69ms
17:29:39.788 INFO  Sensor IaC YAML File Type Classification Sensor [iac]
17:29:39.792 INFO  Sensor IaC YAML File Type Classification Sensor [iac] (done) | time=5ms
17:29:39.792 INFO  Sensor IaC hadolint report Sensor [iac]
17:29:39.792 INFO  Sensor IaC hadolint report Sensor [iac] (done) | time=0ms
17:29:39.792 INFO  Sensor Java Config Sensor [iac]
17:29:39.792 INFO  There are no files to be analyzed for the Java language
17:29:39.793 INFO  Sensor Java Config Sensor [iac] (done) | time=0ms
17:29:39.793 INFO  Sensor IaC Docker Sensor [iac]
17:29:39.795 INFO  There are no files to be analyzed for the Docker language
17:29:39.796 INFO  Sensor IaC Docker Sensor [iac] (done) | time=2ms
17:29:39.796 INFO  Sensor Python Sensor [python]
17:29:40.163 INFO  Starting global symbols computation
17:29:40.165 INFO  1 source file to be analyzed
17:29:40.531 INFO  1/1 source file has been analyzed
17:29:40.532 INFO  Finished step global symbols computation in 366ms
17:29:40.555 INFO  Starting rules execution
17:29:40.556 INFO  1 source file to be analyzed
17:29:41.885 INFO  1/1 source file has been analyzed
17:29:41.886 INFO  Finished step rules execution in 1330ms
17:29:41.887 INFO  The Python analyzer was able to leverage cached data from previous analyses for 0 out of 1 files. These files were not parsed.
17:29:41.891 INFO  Sensor Python Sensor [python] (done) | time=2094ms
17:29:41.893 INFO  Sensor Cobertura Sensor for Python coverage [python]
17:29:41.915 INFO  Sensor Cobertura Sensor for Python coverage [python] (done) | time=22ms
17:29:41.915 INFO  Sensor PythonXUnitSensor [python]
17:29:41.927 INFO  Sensor PythonXUnitSensor [python] (done) | time=13ms
17:29:41.928 INFO  Sensor Python Dependency Sensor [python]
17:29:41.932 INFO  Sensor Python Dependency Sensor [python] (done) | time=4ms
17:29:41.932 INFO  Sensor TextAndSecretsSensor [text]
17:29:41.962 INFO  Available processors: 11
17:29:41.962 INFO  Using 11 threads for analysis.
17:29:42.475 INFO  The property "sonar.tests" is not set. To improve the analysis accuracy, we categorize a file as a test file if any of the following is true:
  * The filename starts with "test"
  * The filename contains "test." or "tests."
  * Any directory in the file path is named: "doc", "docs", "test", "tests", "mock" or "mocks"
  * Any directory in the file path has a name ending in "test" or "tests"

17:29:42.533 INFO  Start fetching files for the text and secrets analysis
17:29:42.587 INFO  Using Git CLI to retrieve dirty files
17:29:42.672 INFO  Retrieving language associated files and files included via "sonar.text.inclusions" that are tracked by git
17:29:42.674 INFO  Starting the text and secrets analysis
17:29:42.678 INFO  1 source file to be analyzed for the text and secrets analysis
17:29:42.711 INFO  1/1 source file has been analyzed for the text and secrets analysis
17:29:42.715 INFO  Sensor TextAndSecretsSensor [text] (done) | time=782ms
17:29:42.725 INFO  ------------- Run sensors on project
17:29:42.909 INFO  Sensor IaC Project Sensor [iac]
17:29:42.914 INFO  Sensor IaC Project Sensor [iac] (done) | time=5ms
17:29:42.914 INFO  Sensor Zero Coverage Sensor
17:29:42.926 INFO  Sensor Zero Coverage Sensor (done) | time=11ms
17:29:42.926 INFO  ------------- Gather SCA dependencies on project
17:29:42.934 INFO  Dependency analysis skipped
17:29:42.938 INFO  SCM Publisher SCM provider for this project is: git
17:29:42.939 INFO  SCM Publisher 1 source file to be analyzed
17:29:43.048 INFO  SCM Publisher 0/1 source files have been analyzed (done) | time=108ms
17:29:43.049 WARN  Missing blame information for the following files:
17:29:43.049 WARN    * app/server.py
17:29:43.049 WARN  This may lead to missing/broken features in SonarQube
17:29:43.056 INFO  CPD Executor Calculating CPD for 1 file
17:29:43.062 INFO  CPD Executor CPD calculation finished (done) | time=6ms
17:29:43.070 INFO  SCM revision ID '78c4e677a84ba19b0d4472e10877762f68d0a267'
17:29:43.180 INFO  Analysis report generated in 112ms, dir size=303.9 kB
17:29:43.195 INFO  Analysis report compressed in 13ms, zip size=38.9 kB
17:29:43.240 INFO  Analysis report uploaded in 44ms
17:29:43.243 INFO  ANALYSIS SUCCESSFUL, you can find the results at: http://sonarqube:9000/dashboard?id=cp01-devsecops-grupo2
17:29:43.243 INFO  Note that you will be able to access the updated dashboard once the server has processed the submitted analysis report
17:29:43.244 INFO  More about the report processing at http://sonarqube:9000/api/ce/task?id=fb6ac669-5db6-43ea-850d-e1c854fcdb78
17:29:43.260 INFO  Analysis total time: 6.379 s
17:29:43.264 INFO  SonarScanner Engine completed successfully
17:29:43.284 INFO  EXECUTION SUCCESS
17:29:43.287 INFO  Total time: 13.363s
