 Container cp01-devsecops-sonar-scanner-run-91b7dd5e6803 Creating 
 Container cp01-devsecops-sonar-scanner-run-91b7dd5e6803 Created 
17:31:43.139 INFO  Scanner configuration file: /opt/sonar-scanner/conf/sonar-scanner.properties
17:31:43.143 INFO  Project root configuration file: /usr/src/sonar-project.properties
17:31:43.163 INFO  SonarScanner CLI 8.1.0.6389
17:31:43.180 INFO  Linux 6.12.72-linuxkit amd64
17:31:44.659 INFO  Communicating with SonarQube Community Build 26.9.0.129388
17:31:44.662 INFO  JRE provisioning: os[linux], arch[x86_64]
17:31:45.897 INFO  Starting SonarScanner Engine...
17:31:45.898 INFO  Java 21.0.11 Eclipse Adoptium (64-bit)
17:31:47.912 INFO  Load global settings
17:31:48.013 INFO  Load global settings (done) | time=107ms
17:31:48.020 INFO  Server id: 147B411E-AaDZmktFrTcrDMfanZRY
17:31:48.047 INFO  Loading required plugins
17:31:48.048 INFO  Load plugins index
17:31:48.066 INFO  Load plugins index (done) | time=18ms
17:31:48.066 INFO  Load/download plugins
17:31:48.123 INFO  Load/download plugins (done) | time=56ms
17:31:48.505 INFO  Process project properties
17:31:48.516 INFO  Process project properties (done) | time=12ms
17:31:48.534 INFO  Project key: cp01-devsecops-grupo2
17:31:48.535 INFO  Base dir: /usr/src
17:31:48.535 INFO  Working dir: /tmp/.scannerwork
17:31:48.554 INFO  Load project settings for component key: 'cp01-devsecops-grupo2'
17:31:48.578 INFO  Load project settings for component key: 'cp01-devsecops-grupo2' (done) | time=23ms
17:31:48.637 INFO  Load quality profiles
17:31:48.702 INFO  Load quality profiles (done) | time=65ms
17:31:48.820 INFO  Load active rules
17:31:49.333 INFO  Load active rules (done) | time=511ms
17:31:49.355 INFO  Load analysis cache
17:31:49.378 INFO  Load analysis cache (4.1 kB) | time=23ms
17:31:49.687 INFO  Preprocessing files...
17:31:49.768 INFO  1 language detected in 1 preprocessed file (done) | time=81ms
17:31:49.769 INFO  1 file ignored because of inclusion/exclusion patterns
17:31:49.769 INFO  0 files ignored because of scm ignore settings
17:31:49.779 INFO  Loading plugins for detected languages
17:31:49.781 INFO  Load/download plugins
17:31:49.790 INFO  Load/download plugins (done) | time=9ms
17:31:50.030 INFO  Load project repositories
17:31:50.238 INFO  Load project repositories (done) | time=205ms
17:31:50.369 INFO  Indexing files...
17:31:50.370 INFO  Project configuration:
17:31:50.376 INFO    Excluded sources: **/Dockerfile
17:31:50.403 INFO  1 file indexed (done) | time=32ms
17:31:50.407 INFO  Quality profile for py: Sonar way
17:31:50.408 INFO  ------------- Run sensors on module CP01 DevSecOps - Grupo 2
17:31:50.527 INFO  Load metrics repository
17:31:50.588 INFO  Load metrics repository (done) | time=61ms
17:31:51.190 INFO  Sensor IaC YAML File Type Classification Sensor [iac]
17:31:51.193 INFO  Sensor IaC YAML File Type Classification Sensor [iac] (done) | time=4ms
17:31:51.193 INFO  Sensor IaC hadolint report Sensor [iac]
17:31:51.194 INFO  Sensor IaC hadolint report Sensor [iac] (done) | time=0ms
17:31:51.194 INFO  Sensor Java Config Sensor [iac]
17:31:51.195 INFO  There are no files to be analyzed for the Java language
17:31:51.195 INFO  Sensor Java Config Sensor [iac] (done) | time=0ms
17:31:51.195 INFO  Sensor IaC Docker Sensor [iac]
17:31:51.200 INFO  There are no files to be analyzed for the Docker language
17:31:51.201 INFO  Sensor IaC Docker Sensor [iac] (done) | time=2ms
17:31:51.202 INFO  Sensor Python Sensor [python]
17:31:51.646 INFO  Starting global symbols computation
17:31:51.650 INFO  1 source file to be analyzed
17:31:51.993 INFO  1/1 source file has been analyzed
17:31:51.994 INFO  Finished step global symbols computation in 346ms
17:31:52.016 INFO  Starting rules execution
17:31:52.017 INFO  1 source file to be analyzed
17:31:53.266 INFO  1/1 source file has been analyzed
17:31:53.266 INFO  Finished step rules execution in 1249ms
17:31:53.267 INFO  The Python analyzer was able to leverage cached data from previous analyses for 0 out of 1 files. These files were not parsed.
17:31:53.270 INFO  Sensor Python Sensor [python] (done) | time=2072ms
17:31:53.270 INFO  Sensor Cobertura Sensor for Python coverage [python]
17:31:53.300 INFO  Sensor Cobertura Sensor for Python coverage [python] (done) | time=28ms
17:31:53.301 INFO  Sensor PythonXUnitSensor [python]
17:31:53.317 INFO  Sensor PythonXUnitSensor [python] (done) | time=18ms
17:31:53.317 INFO  Sensor Python Dependency Sensor [python]
17:31:53.322 INFO  Sensor Python Dependency Sensor [python] (done) | time=5ms
17:31:53.322 INFO  Sensor TextAndSecretsSensor [text]
17:31:53.353 INFO  Available processors: 11
17:31:53.353 INFO  Using 11 threads for analysis.
17:31:53.659 INFO  The property "sonar.tests" is not set. To improve the analysis accuracy, we categorize a file as a test file if any of the following is true:
  * The filename starts with "test"
  * The filename contains "test." or "tests."
  * Any directory in the file path is named: "doc", "docs", "test", "tests", "mock" or "mocks"
  * Any directory in the file path has a name ending in "test" or "tests"

17:31:53.820 INFO  Start fetching files for the text and secrets analysis
17:31:53.874 INFO  Using Git CLI to retrieve dirty files
17:31:53.972 INFO  Retrieving language associated files and files included via "sonar.text.inclusions" that are tracked by git
17:31:53.974 INFO  Starting the text and secrets analysis
17:31:53.976 INFO  1 source file to be analyzed for the text and secrets analysis
17:31:54.008 INFO  1/1 source file has been analyzed for the text and secrets analysis
17:31:54.013 INFO  Sensor TextAndSecretsSensor [text] (done) | time=690ms
17:31:54.026 INFO  ------------- Run sensors on project
17:31:54.308 INFO  Sensor IaC Project Sensor [iac]
17:31:54.319 INFO  Sensor IaC Project Sensor [iac] (done) | time=9ms
17:31:54.320 INFO  Sensor Zero Coverage Sensor
17:31:54.330 INFO  Sensor Zero Coverage Sensor (done) | time=11ms
17:31:54.331 INFO  ------------- Gather SCA dependencies on project
17:31:54.335 INFO  Dependency analysis skipped
17:31:54.340 INFO  SCM Publisher SCM provider for this project is: git
17:31:54.341 INFO  SCM Publisher 1 source file to be analyzed
17:31:54.579 INFO  SCM Publisher 1/1 source file have been analyzed (done) | time=236ms
17:31:54.588 INFO  CPD Executor Calculating CPD for 1 file
17:31:54.595 INFO  CPD Executor CPD calculation finished (done) | time=7ms
17:31:54.603 INFO  SCM revision ID 'c736a606f384d0bd3d05a66aa7e200e8737642b7'
17:31:54.727 INFO  Analysis report generated in 121ms, dir size=303.8 kB
17:31:54.745 INFO  Analysis report compressed in 16ms, zip size=38.7 kB
17:31:54.775 INFO  Analysis report uploaded in 30ms
17:31:54.781 INFO  ANALYSIS SUCCESSFUL, you can find the results at: http://sonarqube:9000/dashboard?id=cp01-devsecops-grupo2
17:31:54.781 INFO  Note that you will be able to access the updated dashboard once the server has processed the submitted analysis report
17:31:54.781 INFO  More about the report processing at http://sonarqube:9000/api/ce/task?id=8974fc55-5fa1-465f-9f01-55a3325100e7
17:31:54.806 INFO  Analysis total time: 6.610 s
17:31:54.813 INFO  SonarScanner Engine completed successfully
17:31:54.830 INFO  EXECUTION SUCCESS
17:31:54.834 INFO  Total time: 11.698s
